> Task :mobile:checkKotlinGradlePluginConfigurationErrors
> Task :mobile:preBuild UP-TO-DATE
> Task :mobile:preDebugBuild UP-TO-DATE
> Task :mobile:dataBindingMergeDependencyArtifactsDebug UP-TO-DATE
> Task :mobile:generateDebugResValues UP-TO-DATE
> Task :mobile:generateDebugResources UP-TO-DATE
> Task :mobile:mergeDebugResources UP-TO-DATE
> Task :mobile:packageDebugResources UP-TO-DATE
> Task :mobile:parseDebugLocalResources UP-TO-DATE
> Task :mobile:dataBindingGenBaseClassesDebug UP-TO-DATE
> Task :mobile:checkDebugAarMetadata UP-TO-DATE
> Task :mobile:mapDebugSourceSetPaths UP-TO-DATE
> Task :mobile:createDebugCompatibleScreenManifests UP-TO-DATE
> Task :mobile:extractDeepLinksDebug UP-TO-DATE
> Task :mobile:processDebugMainManifest UP-TO-DATE
> Task :mobile:processDebugManifest UP-TO-DATE
> Task :mobile:processDebugManifestForPackage UP-TO-DATE
> Task :mobile:processDebugResources UP-TO-DATE

> Task :mobile:compileDebugKotlin FAILED
.\gradlew : e: file:///E:/@WorkSpace/aw-android/mobi
le/src/main/java/net/activitywatch/android/MainActiv
ity.kt:24:43 Unresolved reference: NavigationView
所在位置 行:1 字符: 1
+ .\gradlew :mobile:compileDebugKotlin 2>&1 | Out-Fi
le -Encoding utf8 b ...
+ ~~~~~~~~~~~~~~~~~~~~~~~~~~~~~~~~~~~~~~~~~
    + CategoryInfo          : NotSpecified: (e: fil 
   e:///E:/@... NavigationView:String) [], RemoteE  
  xception
    + FullyQualifiedErrorId : NativeCommandError
 
e: file:///E:/@WorkSpace/aw-android/mobile/src/main/
java/net/activitywatch/android/MainActivity.kt:57:67
 Type mismatch: inferred type is MainActivity but Bo
ttomNavigationView.OnNavigationItemSelectedListener?
 was expected
e: file:///E:/@WorkSpace/aw-android/mobile/src/main/
java/net/activitywatch/android/MainActivity.kt:106:5
 'onNavigationItemSelected' overrides nothing

FAILURE: Build failed with an exception.

* What went wrong:
Execution failed for task ':mobile:compileDebugKotli
n'.
> A failure occurred while executing org.jetbrains.k
otlin.compilerRunner.GradleCompilerRunnerWithWorkers
$GradleKotlinCompilerWorkAction
   > Compilation error. See log for more details

* Try:
> Run with --stacktrace option to get the stack trac
e.
> Run with --info or --debug option to get more log 
output.
> Run with --scan to get full insights.
> Get more help at https://help.gradle.org.

BUILD FAILED in 2s
17 actionable tasks: 2 executed, 15 up-to-date
